[38;2;109;40;217m╭────────────────────────────────────────────────────────────────────────────╮[m
[38;2;109;40;217m│[m[1;38;2;17;24;39mShell: /tmp/worktrees/split-01-types[m[38;2;107;114;128m │ type to interact[m                     [38;2;109;40;217m│[m
[38;2;109;40;217m│[m$ go test ./...                                                             [38;2;109;40;217m│[m
[38;2;109;40;217m│[mok      pkg/types    0.012s                                                 [38;2;109;40;217m│[m
[38;2;109;40;217m│[mok      pkg/impl    0.034s                                                  [38;2;109;40;217m│[m
[38;2;109;40;217m│[mFAIL    pkg/api    0.056s                                                   [38;2;109;40;217m│[m
[38;2;109;40;217m│[m$                                                                           [38;2;109;40;217m│[m
[38;2;109;40;217m│[m                                                                            [38;2;109;40;217m│[m
[38;2;109;40;217m│[m                                                                            [38;2;109;40;217m│[m
[38;2;109;40;217m│[m                                                                            [38;2;109;40;217m│[m
[38;2;109;40;217m│[m                                                                            [38;2;109;40;217m│[m
[38;2;109;40;217m│[m                                                                            [38;2;109;40;217m│[m
[38;2;109;40;217m│[m                                                                            [38;2;109;40;217m│[m
[38;2;109;40;217m│[m                                                                            [38;2;109;40;217m│[m
[38;2;109;40;217m│[m                                                                            [38;2;109;40;217m│[m
[38;2;109;40;217m│[m                                                                            [38;2;109;40;217m│[m
[38;2;109;40;217m│[m                                                                            [38;2;109;40;217m│[m
[38;2;109;40;217m│[m                                                                            [38;2;109;40;217m│[m
[38;2;109;40;217m│[m                                                                            [38;2;109;40;217m│[m
[38;2;109;40;217m╰────────────────────────────────────────────────────────────────────────────╯[m