╭──────────────────────────────────────────────────────────────────────────────╮
│Shell: /tmp/worktrees/split-01-types │ type to interact                       │
│$ go test ./...                                                               │
│ok      pkg/types    0.012s                                                   │
│ok      pkg/impl    0.034s                                                    │
│FAIL    pkg/api    0.056s                                                     │
│$                                                                             │
│                                                                              │
│                                                                              │
│                                                                              │
│                                                                              │
│                                                                              │
│                                                                              │
│                                                                              │
│                                                                              │
│                                                                              │
│                                                                              │
│                                                                              │
│                                                                              │
╰──────────────────────────────────────────────────────────────────────────────╯