[38;2;167;139;250m╭────────────────────────────────────────────────────────────────────────────╮[m
[38;2;167;139;250m│[m[1;38;2;249;250;251mShell: /tmp/worktrees/split-01-types[m[38;2;156;163;175m │ type to interact[m                     [38;2;167;139;250m│[m
[38;2;167;139;250m│[m$ go test ./...                                                             [38;2;167;139;250m│[m
[38;2;167;139;250m│[mok      pkg/types    0.012s                                                 [38;2;167;139;250m│[m
[38;2;167;139;250m│[mok      pkg/impl    0.034s                                                  [38;2;167;139;250m│[m
[38;2;167;139;250m│[mFAIL    pkg/api    0.056s                                                   [38;2;167;139;250m│[m
[38;2;167;139;250m│[m$                                                                           [38;2;167;139;250m│[m
[38;2;167;139;250m│[m                                                                            [38;2;167;139;250m│[m
[38;2;167;139;250m│[m                                                                            [38;2;167;139;250m│[m
[38;2;167;139;250m│[m                                                                            [38;2;167;139;250m│[m
[38;2;167;139;250m│[m                                                                            [38;2;167;139;250m│[m
[38;2;167;139;250m│[m                                                                            [38;2;167;139;250m│[m
[38;2;167;139;250m│[m                                                                            [38;2;167;139;250m│[m
[38;2;167;139;250m│[m                                                                            [38;2;167;139;250m│[m
[38;2;167;139;250m│[m                                                                            [38;2;167;139;250m│[m
[38;2;167;139;250m│[m                                                                            [38;2;167;139;250m│[m
[38;2;167;139;250m│[m                                                                            [38;2;167;139;250m│[m
[38;2;167;139;250m│[m                                                                            [38;2;167;139;250m│[m
[38;2;167;139;250m│[m                                                                            [38;2;167;139;250m│[m
[38;2;167;139;250m╰────────────────────────────────────────────────────────────────────────────╯[m