[38;2;59;130;246m╭────────────────────────────────────────────────────────────────────────────╮[m
[38;2;59;130;246m│[m[1;38;2;248;250;252m Verify: split/01-types (12.5s) INPUT [m                                      [38;2;59;130;246m│[m
[38;2;59;130;246m│[mRunning tests...                                                            [38;2;59;130;246m│[m
[38;2;59;130;246m│[mtest_utils.go:15: ok                                                        [38;2;59;130;246m│[m
[38;2;59;130;246m│[mtest_main.go:42: ok                                                         [38;2;59;130;246m│[m
[38;2;59;130;246m│[mtest_api.go:8: FAIL                                                         [38;2;59;130;246m│[m
[38;2;59;130;246m│[m                                                                            [38;2;59;130;246m│[m
[38;2;59;130;246m│[m                                                                            [38;2;59;130;246m│[m
[38;2;59;130;246m│[m                                                                            [38;2;59;130;246m│[m
[38;2;59;130;246m│[m                                                                            [38;2;59;130;246m│[m
[38;2;59;130;246m│[m                                                                            [38;2;59;130;246m│[m
[38;2;59;130;246m│[m                                                                            [38;2;59;130;246m│[m
[38;2;59;130;246m│[m                                                                            [38;2;59;130;246m│[m
[38;2;59;130;246m│[m                                                                            [38;2;59;130;246m│[m
[38;2;59;130;246m│[m                                                                            [38;2;59;130;246m│[m
[38;2;59;130;246m│[m                                                                            [38;2;59;130;246m│[m
[38;2;59;130;246m│[m                                                                            [38;2;59;130;246m│[m
[38;2;59;130;246m│[m                                                                            [38;2;59;130;246m│[m
[38;2;59;130;246m│[m                                                                            [38;2;59;130;246m│[m
[38;2;59;130;246m╰────────────────────────────────────────────────────────────────────────────╯[m