[38;2;109;40;217m╭────────────────────────────────────────────────────────────────────────────╮[m
[38;2;109;40;217m│[m[1;38;2;17;24;39m Verify: split/01-types (12.5s) INPUT [m                                      [38;2;109;40;217m│[m
[38;2;109;40;217m│[mRunning tests...                                                            [38;2;109;40;217m│[m
[38;2;109;40;217m│[mtest_utils.go:15: ok                                                        [38;2;109;40;217m│[m
[38;2;109;40;217m│[mtest_main.go:42: ok                                                         [38;2;109;40;217m│[m
[38;2;109;40;217m│[mtest_api.go:8: FAIL                                                         [38;2;109;40;217m│[m
[38;2;109;40;217m│[m                                                                            [38;2;109;40;217m│[m
[38;2;109;40;217m│[m                                                                            [38;2;109;40;217m│[m
[38;2;109;40;217m│[m                                                                            [38;2;109;40;217m│[m
[38;2;109;40;217m│[m                                                                            [38;2;109;40;217m│[m
[38;2;109;40;217m│[m                                                                            [38;2;109;40;217m│[m
[38;2;109;40;217m│[m                                                                            [38;2;109;40;217m│[m
[38;2;109;40;217m│[m                                                                            [38;2;109;40;217m│[m
[38;2;109;40;217m│[m                                                                            [38;2;109;40;217m│[m
[38;2;109;40;217m│[m                                                                            [38;2;109;40;217m│[m
[38;2;109;40;217m│[m                                                                            [38;2;109;40;217m│[m
[38;2;109;40;217m│[m                                                                            [38;2;109;40;217m│[m
[38;2;109;40;217m│[m                                                                            [38;2;109;40;217m│[m
[38;2;109;40;217m│[m                                                                            [38;2;109;40;217m│[m
[38;2;109;40;217m╰────────────────────────────────────────────────────────────────────────────╯[m