[38;2;21;128;61m╭────────────────────────────────────────────────────────────────────────────╮[m
[38;2;21;128;61m│[m[1;38;2;17;24;39m Verify: split/02-impl (45.2s) ⏸ [m                                           [38;2;21;128;61m│[m
[38;2;21;128;61m│[mRunning tests...                                                            [38;2;21;128;61m│[m
[38;2;21;128;61m│[mtest_utils.go:15: ok                                                        [38;2;21;128;61m│[m
[38;2;21;128;61m│[mtest_main.go:42: ok                                                         [38;2;21;128;61m│[m
[38;2;21;128;61m│[mtest_api.go:8: FAIL                                                         [38;2;21;128;61m│[m
[38;2;21;128;61m│[mtest_db.go:99: ok                                                           [38;2;21;128;61m│[m
[38;2;21;128;61m│[m                                                                            [38;2;21;128;61m│[m
[38;2;21;128;61m│[m                                                                            [38;2;21;128;61m│[m
[38;2;21;128;61m│[m                                                                            [38;2;21;128;61m│[m
[38;2;21;128;61m│[m                                                                            [38;2;21;128;61m│[m
[38;2;21;128;61m│[m                                                                            [38;2;21;128;61m│[m
[38;2;21;128;61m│[m                                                                            [38;2;21;128;61m│[m
[38;2;21;128;61m│[m                                                                            [38;2;21;128;61m│[m
[38;2;21;128;61m│[m                                                                            [38;2;21;128;61m│[m
[38;2;21;128;61m│[m                                                                            [38;2;21;128;61m│[m
[38;2;21;128;61m│[m                                                                            [38;2;21;128;61m│[m
[38;2;21;128;61m│[m                                                                            [38;2;21;128;61m│[m
[38;2;21;128;61m│[m                                                                            [38;2;21;128;61m│[m
[38;2;21;128;61m╰────────────────────────────────────────────────────────────────────────────╯[m