╭──────────────────────────────────────────────────────────────────────────────╮
│ Verify: split/02-impl (45.2s) ⏸                                              │
│Running tests...                                                              │
│test_utils.go:15: ok                                                          │
│test_main.go:42: ok                                                           │
│test_api.go:8: FAIL                                                           │
│test_db.go:99: ok                                                             │
│                                                                              │
│                                                                              │
│                                                                              │
│                                                                              │
│                                                                              │
│                                                                              │
│                                                                              │
│                                                                              │
│                                                                              │
│                                                                              │
│                                                                              │
│                                                                              │
╰──────────────────────────────────────────────────────────────────────────────╯