[38;2;16;185;129m╭────────────────────────────────────────────────────────────────────────────╮[m
[38;2;16;185;129m│[m[1;38;2;248;250;252m Verify: split/02-impl (45.2s) ⏸ [m                                           [38;2;16;185;129m│[m
[38;2;16;185;129m│[mRunning tests...                                                            [38;2;16;185;129m│[m
[38;2;16;185;129m│[mtest_utils.go:15: ok                                                        [38;2;16;185;129m│[m
[38;2;16;185;129m│[mtest_main.go:42: ok                                                         [38;2;16;185;129m│[m
[38;2;16;185;129m│[mtest_api.go:8: FAIL                                                         [38;2;16;185;129m│[m
[38;2;16;185;129m│[mtest_db.go:99: ok                                                           [38;2;16;185;129m│[m
[38;2;16;185;129m│[m                                                                            [38;2;16;185;129m│[m
[38;2;16;185;129m│[m                                                                            [38;2;16;185;129m│[m
[38;2;16;185;129m│[m                                                                            [38;2;16;185;129m│[m
[38;2;16;185;129m│[m                                                                            [38;2;16;185;129m│[m
[38;2;16;185;129m│[m                                                                            [38;2;16;185;129m│[m
[38;2;16;185;129m│[m                                                                            [38;2;16;185;129m│[m
[38;2;16;185;129m│[m                                                                            [38;2;16;185;129m│[m
[38;2;16;185;129m│[m                                                                            [38;2;16;185;129m│[m
[38;2;16;185;129m│[m                                                                            [38;2;16;185;129m│[m
[38;2;16;185;129m│[m                                                                            [38;2;16;185;129m│[m
[38;2;16;185;129m│[m                                                                            [38;2;16;185;129m│[m
[38;2;16;185;129m│[m                                                                            [38;2;16;185;129m│[m
[38;2;16;185;129m╰────────────────────────────────────────────────────────────────────────────╯[m